Archive member included because of file (symbol)

c:/winavr-20100110/bin/../lib/gcc/avr/4.3.3/avr5\libgcc.a(_exit.o)
                              c:/winavr-20100110/bin/../lib/gcc/avr/4.3.3/../../../../avr/lib/avr5/crtm328p.o (exit)
c:/winavr-20100110/bin/../lib/gcc/avr/4.3.3/avr5\libgcc.a(_copy_data.o)
                              RGBMatrix2.o (__do_copy_data)
c:/winavr-20100110/bin/../lib/gcc/avr/4.3.3/avr5\libgcc.a(_clear_bss.o)
                              RGBMatrix2.o (__do_clear_bss)

Allocating common symbols
Common symbol       size              file

red_frame           0x40              RGBMatrix2.o
pointBuffer         0x8               RGBMatrix2.o
buffer              0x80              RGBMatrix2.o
byte_count          0x2               RGBMatrix2.o
foreColor           0x3               RGBMatrix2.o
blue_frame          0x40              RGBMatrix2.o
green_frame         0x40              RGBMatrix2.o
new_frame           0x1               RGBMatrix2.o
backColor           0x3               RGBMatrix2.o

Memory Configuration

Name             Origin             Length             Attributes
text             0x00000000         0x00020000         xr
data             0x00800060         0x0000ffa0         rw !x
eeprom           0x00810000         0x00010000         rw !x
fuse             0x00820000         0x00000400         rw !x
lock             0x00830000         0x00000400         rw !x
signature        0x00840000         0x00000400         rw !x
*default*        0x00000000         0xffffffff

Linker script and memory map

Address of section .data set to 0x800100
LOAD c:/winavr-20100110/bin/../lib/gcc/avr/4.3.3/../../../../avr/lib/avr5/crtm328p.o
LOAD RGBMatrix2.o
LOAD 6x8.o
LOAD c:/winavr-20100110/bin/../lib/gcc/avr/4.3.3/avr5\libgcc.a
LOAD c:/winavr-20100110/bin/../lib/gcc/avr/4.3.3/../../../../avr/lib/avr5\libc.a
LOAD c:/winavr-20100110/bin/../lib/gcc/avr/4.3.3/avr5\libgcc.a

.hash
 *(.hash)

.dynsym
 *(.dynsym)

.dynstr
 *(.dynstr)

.gnu.version
 *(.gnu.version)

.gnu.version_d
 *(.gnu.version_d)

.gnu.version_r
 *(.gnu.version_r)

.rel.init
 *(.rel.init)

.rela.init
 *(.rela.init)

.rel.text
 *(.rel.text)
 *(.rel.text.*)
 *(.rel.gnu.linkonce.t*)

.rela.text
 *(.rela.text)
 *(.rela.text.*)
 *(.rela.gnu.linkonce.t*)

.rel.fini
 *(.rel.fini)

.rela.fini
 *(.rela.fini)

.rel.rodata
 *(.rel.rodata)
 *(.rel.rodata.*)
 *(.rel.gnu.linkonce.r*)

.rela.rodata
 *(.rela.rodata)
 *(.rela.rodata.*)
 *(.rela.gnu.linkonce.r*)

.rel.data
 *(.rel.data)
 *(.rel.data.*)
 *(.rel.gnu.linkonce.d*)

.rela.data
 *(.rela.data)
 *(.rela.data.*)
 *(.rela.gnu.linkonce.d*)

.rel.ctors
 *(.rel.ctors)

.rela.ctors
 *(.rela.ctors)

.rel.dtors
 *(.rel.dtors)

.rela.dtors
 *(.rela.dtors)

.rel.got
 *(.rel.got)

.rela.got
 *(.rela.got)

.rel.bss
 *(.rel.bss)

.rela.bss
 *(.rela.bss)

.rel.plt
 *(.rel.plt)

.rela.plt
 *(.rela.plt)

.text           0x00000000      0xc52
 *(.vectors)
 .vectors       0x00000000       0x68 c:/winavr-20100110/bin/../lib/gcc/avr/4.3.3/../../../../avr/lib/avr5/crtm328p.o
                0x00000000                __vectors
                0x00000000                __vector_default
 *(.vectors)
 *(.progmem.gcc*)
 *(.progmem*)
                0x00000068                . = ALIGN (0x2)
                0x00000068                __trampolines_start = .
 *(.trampolines)
 .trampolines   0x00000068        0x0 linker stubs
 *(.trampolines*)
                0x00000068                __trampolines_end = .
 *(.jumptables)
 *(.jumptables*)
 *(.lowtext)
 *(.lowtext*)
                0x00000068                __ctors_start = .
 *(.ctors)
                0x00000068                __ctors_end = .
                0x00000068                __dtors_start = .
 *(.dtors)
                0x00000068                __dtors_end = .
 SORT(*)(.ctors)
 SORT(*)(.dtors)
 *(.init0)
 .init0         0x00000068        0x0 c:/winavr-20100110/bin/../lib/gcc/avr/4.3.3/../../../../avr/lib/avr5/crtm328p.o
                0x00000068                __init
 *(.init0)
 *(.init1)
 *(.init1)
 *(.init2)
 .init2         0x00000068        0xc c:/winavr-20100110/bin/../lib/gcc/avr/4.3.3/../../../../avr/lib/avr5/crtm328p.o
 *(.init2)
 *(.init3)
 *(.init3)
 *(.init4)
 .init4         0x00000074       0x16 c:/winavr-20100110/bin/../lib/gcc/avr/4.3.3/avr5\libgcc.a(_copy_data.o)
                0x00000074                __do_copy_data
 .init4         0x0000008a       0x10 c:/winavr-20100110/bin/../lib/gcc/avr/4.3.3/avr5\libgcc.a(_clear_bss.o)
                0x0000008a                __do_clear_bss
 *(.init4)
 *(.init5)
 *(.init5)
 *(.init6)
 *(.init6)
 *(.init7)
 *(.init7)
 *(.init8)
 *(.init8)
 *(.init9)
 .init9         0x0000009a        0x8 c:/winavr-20100110/bin/../lib/gcc/avr/4.3.3/../../../../avr/lib/avr5/crtm328p.o
 *(.init9)
 *(.text)
 .text          0x000000a2        0x4 c:/winavr-20100110/bin/../lib/gcc/avr/4.3.3/../../../../avr/lib/avr5/crtm328p.o
                0x000000a2                __vector_22
                0x000000a2                __vector_1
                0x000000a2                __vector_24
                0x000000a2                __vector_12
                0x000000a2                __bad_interrupt
                0x000000a2                __vector_6
                0x000000a2                __vector_3
                0x000000a2                __vector_23
                0x000000a2                __vector_25
                0x000000a2                __vector_11
                0x000000a2                __vector_13
                0x000000a2                __vector_19
                0x000000a2                __vector_7
                0x000000a2                __vector_5
                0x000000a2                __vector_4
                0x000000a2                __vector_9
                0x000000a2                __vector_2
                0x000000a2                __vector_21
                0x000000a2                __vector_15
                0x000000a2                __vector_8
                0x000000a2                __vector_14
                0x000000a2                __vector_10
                0x000000a2                __vector_16
                0x000000a2                __vector_18
                0x000000a2                __vector_20
 .text          0x000000a6      0xba8 RGBMatrix2.o
                0x000005a4                draw_line_h
                0x0000047e                draw_character
                0x0000057e                draw_line_v
                0x0000031a                update_buffer_row
                0x000005d6                set_all
                0x00000782                post_frames
                0x00000c40                read_from_EEPROM
                0x000008c8                process_command
                0x000000a6                __vector_17
                0x00000654                parse_frame555
                0x00000b10                ioinit
                0x00000872                delay_us
                0x000003e0                shift_right
                0x00000bc0                main
                0x0000088c                delay_ms
                0x000008b8                write_to_EEPROM
                0x00000796                splash_screen
                0x0000042c                shift_left
                0x000002ae                update_singlepoint
                0x000006be                shift_out_line
                0x000003bc                update_buffer
                0x000005fe                parse_frame332
                0x000003d0                draw_clear
 .text          0x00000c4e        0x0 6x8.o
 .text          0x00000c4e        0x0 c:/winavr-20100110/bin/../lib/gcc/avr/4.3.3/avr5\libgcc.a(_exit.o)
 .text          0x00000c4e        0x0 c:/winavr-20100110/bin/../lib/gcc/avr/4.3.3/avr5\libgcc.a(_copy_data.o)
 .text          0x00000c4e        0x0 c:/winavr-20100110/bin/../lib/gcc/avr/4.3.3/avr5\libgcc.a(_clear_bss.o)
                0x00000c4e                . = ALIGN (0x2)
 *(.text.*)
 .text.libgcc   0x00000c4e        0x0 c:/winavr-20100110/bin/../lib/gcc/avr/4.3.3/avr5\libgcc.a(_exit.o)
 .text.libgcc   0x00000c4e        0x0 c:/winavr-20100110/bin/../lib/gcc/avr/4.3.3/avr5\libgcc.a(_copy_data.o)
 .text.libgcc   0x00000c4e        0x0 c:/winavr-20100110/bin/../lib/gcc/avr/4.3.3/avr5\libgcc.a(_clear_bss.o)
                0x00000c4e                . = ALIGN (0x2)
 *(.fini9)
 .fini9         0x00000c4e        0x0 c:/winavr-20100110/bin/../lib/gcc/avr/4.3.3/avr5\libgcc.a(_exit.o)
                0x00000c4e                exit
                0x00000c4e                _exit
 *(.fini9)
 *(.fini8)
 *(.fini8)
 *(.fini7)
 *(.fini7)
 *(.fini6)
 *(.fini6)
 *(.fini5)
 *(.fini5)
 *(.fini4)
 *(.fini4)
 *(.fini3)
 *(.fini3)
 *(.fini2)
 *(.fini2)
 *(.fini1)
 *(.fini1)
 *(.fini0)
 .fini0         0x00000c4e        0x4 c:/winavr-20100110/bin/../lib/gcc/avr/4.3.3/avr5\libgcc.a(_exit.o)
 *(.fini0)
                0x00000c52                _etext = .

.data           0x00800100      0x842 load address 0x00000c52
                0x00800100                PROVIDE (__data_start, .)
 *(.data)
 .data          0x00800100        0x0 c:/winavr-20100110/bin/../lib/gcc/avr/4.3.3/../../../../avr/lib/avr5/crtm328p.o
 .data          0x00800100       0x40 RGBMatrix2.o
                0x00800100                test_frame
 .data          0x00800140      0x802 6x8.o
                0x00800940                f6x8_size
                0x00800140                f6x8
 .data          0x00800942        0x0 c:/winavr-20100110/bin/../lib/gcc/avr/4.3.3/avr5\libgcc.a(_exit.o)
 .data          0x00800942        0x0 c:/winavr-20100110/bin/../lib/gcc/avr/4.3.3/avr5\libgcc.a(_copy_data.o)
 .data          0x00800942        0x0 c:/winavr-20100110/bin/../lib/gcc/avr/4.3.3/avr5\libgcc.a(_clear_bss.o)
 *(.data*)
 *(.rodata)
 *(.rodata*)
 *(.gnu.linkonce.d*)
                0x00800942                . = ALIGN (0x2)
                0x00800942                _edata = .
                0x00800942                PROVIDE (__data_end, .)

.bss            0x00800942      0x15a
                0x00800942                PROVIDE (__bss_start, .)
 *(.bss)
 .bss           0x00800942        0x0 c:/winavr-20100110/bin/../lib/gcc/avr/4.3.3/../../../../avr/lib/avr5/crtm328p.o
 .bss           0x00800942        0x9 RGBMatrix2.o
                0x00800943                timer_clicks
                0x00800944                NUM_BOARDS
                0x00800945                RUN_COUNT
                0x00800946                command_mode
                0x00800948                process_command_now
                0x0080094a                current_subcommand
                0x00800942                frame_index
                0x00800949                bytes_expected
                0x00800947                value
 .bss           0x0080094b        0x0 6x8.o
 .bss           0x0080094b        0x0 c:/winavr-20100110/bin/../lib/gcc/avr/4.3.3/avr5\libgcc.a(_exit.o)
 .bss           0x0080094b        0x0 c:/winavr-20100110/bin/../lib/gcc/avr/4.3.3/avr5\libgcc.a(_copy_data.o)
 .bss           0x0080094b        0x0 c:/winavr-20100110/bin/../lib/gcc/avr/4.3.3/avr5\libgcc.a(_clear_bss.o)
 *(.bss*)
 *(COMMON)
 COMMON         0x0080094b      0x151 RGBMatrix2.o
                0x0080094b                red_frame
                0x0080098b                pointBuffer
                0x00800993                buffer
                0x00800a13                byte_count
                0x00800a15                foreColor
                0x00800a18                blue_frame
                0x00800a58                green_frame
                0x00800a98                new_frame
                0x00800a99                backColor
                0x00800a9c                PROVIDE (__bss_end, .)
                0x00000c52                __data_load_start = LOADADDR (.data)
                0x00001494                __data_load_end = (__data_load_start + SIZEOF (.data))

.noinit         0x00800a9c        0x0
                0x00800a9c                PROVIDE (__noinit_start, .)
 *(.noinit*)
                0x00800a9c                PROVIDE (__noinit_end, .)
                0x00800a9c                _end = .
                0x00800a9c                PROVIDE (__heap_start, .)

.eeprom         0x00810000        0x0
 *(.eeprom*)
                0x00810000                __eeprom_end = .

.fuse
 *(.fuse)
 *(.lfuse)
 *(.hfuse)
 *(.efuse)

.lock
 *(.lock*)

.signature
 *(.signature*)

.stab
 *(.stab)

.stabstr
 *(.stabstr)

.stab.excl
 *(.stab.excl)

.stab.exclstr
 *(.stab.exclstr)

.stab.index
 *(.stab.index)

.stab.indexstr
 *(.stab.indexstr)

.comment
 *(.comment)

.debug
 *(.debug)

.line
 *(.line)

.debug_srcinfo
 *(.debug_srcinfo)

.debug_sfnames
 *(.debug_sfnames)

.debug_aranges  0x00000000       0x20
 *(.debug_aranges)
 .debug_aranges
                0x00000000       0x20 RGBMatrix2.o

.debug_pubnames
                0x00000000      0x2e8
 *(.debug_pubnames)
 .debug_pubnames
                0x00000000      0x2bf RGBMatrix2.o
 .debug_pubnames
                0x000002bf       0x29 6x8.o

.debug_info     0x00000000      0xb2f
 *(.debug_info)
 .debug_info    0x00000000      0xab9 RGBMatrix2.o
 .debug_info    0x00000ab9       0x76 6x8.o
 *(.gnu.linkonce.wi.*)

.debug_abbrev   0x00000000      0x2a6
 *(.debug_abbrev)
 .debug_abbrev  0x00000000      0x249 RGBMatrix2.o
 .debug_abbrev  0x00000249       0x5d 6x8.o

.debug_line     0x00000000      0xc58
 *(.debug_line)
 .debug_line    0x00000000      0xc0e RGBMatrix2.o
 .debug_line    0x00000c0e       0x4a 6x8.o

.debug_frame    0x00000000      0x180
 *(.debug_frame)
 .debug_frame   0x00000000      0x180 RGBMatrix2.o

.debug_str      0x00000000      0x32b
 *(.debug_str)
 .debug_str     0x00000000      0x318 RGBMatrix2.o
                                0x375 (size before relaxing)
 .debug_str     0x00000318       0x13 6x8.o
                                 0x6b (size before relaxing)

.debug_loc      0x00000000      0x2fd
 *(.debug_loc)
 .debug_loc     0x00000000      0x2fd RGBMatrix2.o

.debug_macinfo
 *(.debug_macinfo)
OUTPUT(RGBMatrix2.elf elf32-avr)
LOAD linker stubs
